// Jest Snapshot v1, https://goo.gl/fbAQLP

exports[`Component(Ranking)Snapshot 1`] = `
<div>
  <h2>
    
  </h2>
  <ol />
</div>
`;
